µVision Build Log

Tool Versions:

IDE-Version: µVision V5.26.2.0
Copyright (C) 2018 ARM Ltd and ARM Germany GmbH. All rights reserved.
License Information: s HP, HP Inc., LIC=----
 
Tool Versions:
Toolchain:       MDK-Lite  Version: 5.26.2.0
Toolchain Path:  C:\Keil_v5\ARM\ARMCC\Bin
C Compiler:      Armcc.exe V5.06 update 6 (build 750)
Assembler:       Armasm.exe V5.06 update 6 (build 750)
Linker/Locator:  ArmLink.exe V5.06 update 6 (build 750)
Library Manager: ArmAr.exe V5.06 update 6 (build 750)
Hex Converter:   FromElf.exe V5.06 update 6 (build 750)
CPU DLL:         SARMCM3.DLL V5.26.2.0
Dialog DLL:      DCM.DLL V1.17.2.0
Target DLL:      UL2CM3.DLL V1.161.6.0
Dialog DLL:      TCM.DLL V1.36.1.0
 
Project:

C:\BITS_MATERIALS\ESD\Assignment\SVC_Logic\svc_logic.uvprojx
Project File Date:  03/10/2025

Output:

*** Using Compiler 'V5.06 update 6 (build 750)', folder: 'C:\Keil_v5\ARM\ARMCC\Bin'
Build target 'Target 1'
linking...
.\Objects\svc_logic.sct(8): warning: L6314W: No section matches pattern *(InRoot$$Sections).
Program Size: Code=216 RO-data=0 RW-data=8 ZI-data=0  
Finished: 0 information, 1 warning and 0 error messages.
FromELF: creating hex file...
".\Objects\svc_logic.axf" - 0 Error(s), 1 Warning(s).

Software Packages used:


Package Vendor: Keil
                https://www.keil.com/pack/Keil.STM32F4xx_DFP.2.17.0.pack
                Keil.STM32F4xx_DFP.2.17.0
                STMicroelectronics STM32F4 Series Device Support, Drivers and Examples

Collection of Component include folders:

  .\RTE\_Target_1
  C:\Keil_v5\ARM\PACK\Keil\STM32F4xx_DFP\2.17.0\Drivers\CMSIS\Device\ST\STM32F4xx\Include

Collection of Component Files used:

Build Time Elapsed:  00:00:00
