Component: ARM Compiler 5.06 update 6 (build 750) Tool: armlink [4d35ed]

==============================================================================

Section Cross References

    main.o(RESET) refers to main.o(mycode) for Reset_Handler
    main.o(mycode) refers to main.o(RES) for DST


==============================================================================

Image Symbol Table

    Local Symbols

    Symbol Name                              Value     Ov Type        Size  Object(Section)

    main.s                                   0x00000000   Number         0  main.o ABSOLUTE
    RESET                                    0x08000000   Section       92  main.o(RESET)
    mycode                                   0x0800005c   Section      124  main.o(mycode)
    $v0                                      0x0800005c   Number         0  main.o(mycode)
    SVC_handler                              0x0800007b   Thumb Code     0  main.o(mycode)
    SRC                                      0x080000b4   Data           8  main.o(mycode)
    RES                                      0x20000000   Section        8  main.o(RES)
    DST                                      0x20000000   Data           8  main.o(RES)

    Global Symbols

    Symbol Name                              Value     Ov Type        Size  Object(Section)

    BuildAttributes$$THM_ISAv4$E$P$D$K$B$S$7EM$VFPi3$EXTD16$VFPS$VFMA$PE$A:L22UL41UL21$X:L11$S22US41US21$IEEE1$IW$USESV6$~STKCKD$USESV7$~SHL$OSPACE$EBA8$STANDARDLIB$EABIv2 0x00000000   Number         0  anon$$obj.o ABSOLUTE
    __Vectors                                0x08000000   Data           0  main.o(RESET)
    Reset_Handler                            0x0800005d   Thumb Code     0  main.o(mycode)



==============================================================================

Memory Map of the image

  Image Entry point : 0x0800005d

  Load Region LR_IROM1 (Base: 0x08000000, Size: 0x000000e0, Max: 0x00100000, ABSOLUTE)

    Execution Region ER_IROM1 (Exec base: 0x08000000, Load base: 0x08000000, Size: 0x000000d8, Max: 0x00100000, ABSOLUTE)

    Exec Addr    Load Addr    Size         Type   Attr      Idx    E Section Name        Object

    0x08000000   0x08000000   0x0000005c   Code   RO            1    RESET               main.o
    0x0800005c   0x0800005c   0x0000007c   Code   RO            2  * mycode              main.o


    Execution Region RW_IRAM1 (Exec base: 0x20000000, Load base: 0x080000d8, Size: 0x00000008, Max: 0x00020000, ABSOLUTE)

    Exec Addr    Load Addr    Size         Type   Attr      Idx    E Section Name        Object

    0x20000000   0x080000d8   0x00000008   Data   RW            3    RES                 main.o


==============================================================================

Image component sizes


      Code (inc. data)   RO Data    RW Data    ZI Data      Debug   Object Name

       216        128          0          8          0        448   main.o

    ----------------------------------------------------------------------
       216        128          0          8          0        448   Object Totals
         0          0          0          0          0          0   (incl. Generated)
         0          0          0          0          0          0   (incl. Padding)

    ----------------------------------------------------------------------
         0          0          0          0          0          0   Library Totals
         0          0          0          0          0          0   (incl. Padding)

    ----------------------------------------------------------------------

==============================================================================


      Code (inc. data)   RO Data    RW Data    ZI Data      Debug   

       216        128          0          8          0        448   Grand Totals
       216        128          0          8          0        448   ELF Image Totals
       216        128          0          8          0          0   ROM Totals

==============================================================================

    Total RO  Size (Code + RO Data)                  216 (   0.21kB)
    Total RW  Size (RW Data + ZI Data)                 8 (   0.01kB)
    Total ROM Size (Code + RO Data + RW Data)        224 (   0.22kB)

==============================================================================

